---
source: crates/adapters/aemo/tests/discover.rs
expression: snapshot
---
[
  {
    "file_name": "PUBLIC_DISPATCHCAPACITY_202606191705_0000000523261987.zip",
    "interval": "2026-06-19T17:05:00Z",
    "revision_key": "AEMO:dispatchability_capacity:PUBLIC_DISPATCHCAPACITY_202606191705_0000000523261987.zip",
    "source_url": "https://nemweb.com.au/Reports/CURRENT/DispatchCapacity/PUBLIC_DISPATCHCAPACITY_202606191705_0000000523261987.zip"
  }
]
