---
source: crates/adapters/aemo/tests/discover.rs
expression: snapshot
---
[
  {
    "file_name": "PUBLIC_FUEL_MIX_202606191705_0000000523261987.zip",
    "interval": "2026-06-19T17:05:00Z",
    "revision_key": "AEMO:generation_mix:PUBLIC_FUEL_MIX_202606191705_0000000523261987.zip",
    "source_url": "https://www.nemweb.com.au/Reports/CURRENT/FuelMix/PUBLIC_FUEL_MIX_202606191705_0000000523261987.zip"
  }
]
