---
source: crates/adapters/apra/tests/discover.rs
expression: snapshot
---
[
  {
    "format": "xls",
    "last_updated": "2026-03-18",
    "publication_slug": "adi-centralised",
    "source_url": "https://apra.gov.au/sites/default/files/2026-03/Authorised%20deposit-taking%20institution%20centralised%20publication%20-%20March%202013%20to%20December%202025.xlsx",
    "title": "Authorised deposit-taking institution centralised publication - March 2013 to December 2025"
  },
  {
    "format": "xls",
    "last_updated": "2026-03-18",
    "publication_slug": "adi-performance",
    "source_url": "https://apra.gov.au/sites/default/files/2026-03/Quarterly%20authorised%20deposit-taking%20institution%20performance-September%202004%20to%20December%202025.xlsx",
    "title": "Quarterly authorised deposit-taking institution performance - September 2004 to December 2025"
  },
  {
    "format": "xls",
    "last_updated": "2026-03-18",
    "publication_slug": "adi-property-exposures",
    "source_url": "https://apra.gov.au/sites/default/files/2026-03/Quarterly%20authorised%20deposit-taking%20institution%20property%20exposures%20statistics%20December%202025.xlsx",
    "title": "Quarterly authorised deposit-taking institution property exposures statistics December 2025"
  }
]
