---
source: crates/au-kpis-openapi/tests/emitter.rs
expression: emitted_spec()
---
{
  "components": {
    "schemas": {
      "HealthResponse": {
        "description": "Health endpoint response.",
        "properties": {
          "status": {
            "description": "Current service health.",
            "type": "string"
          }
        },
        "required": [
          "status"
        ],
        "type": "object"
      },
      "ProblemDetails": {
        "description": "RFC 7807 problem details body.",
        "properties": {
          "detail": {
            "description": "Request-specific detail, if any.",
            "type": [
              "string",
              "null"
            ]
          },
          "instance": {
            "description": "Resource-specific identifier, if any.",
            "type": [
              "string",
              "null"
            ]
          },
          "status": {
            "description": "HTTP status code for this problem.",
            "format": "int32",
            "minimum": 0,
            "type": "integer"
          },
          "title": {
            "description": "Short, human-readable summary.",
            "type": "string"
          },
          "type": {
            "description": "Problem type URI.",
            "type": "string"
          }
        },
        "required": [
          "type",
          "title",
          "status"
        ],
        "type": "object"
      }
    }
  },
  "info": {
    "description": "Unified API for Australian public economic data.",
    "license": {
      "identifier": "Apache-2.0",
      "name": "Apache-2.0"
    },
    "title": "Australian KPIs API",
    "version": "0.1.0"
  },
  "openapi": "3.1.0",
  "paths": {
    "/v1/health": {
      "get": {
        "operationId": "health",
        "responses": {
          "200": {
            "content": {
              "application/json": {
                "schema": {
                  "$ref": "#/components/schemas/HealthResponse"
                }
              }
            },
            "description": "API is healthy."
          }
        },
        "summary": "`GET /v1/health`.",
        "tags": []
      }
    },
    "/v1/openapi.json": {
      "get": {
        "operationId": "openapi",
        "responses": {
          "200": {
            "content": {
              "application/json": {
                "schema": {
                  "type": "object"
                }
              }
            },
            "description": "Current OpenAPI document."
          }
        },
        "summary": "`GET /v1/openapi.json`.",
        "tags": []
      }
    }
  }
}
