---
source: crates/adapters/state-budgets/tests/parse.rs
expression: snapshot
---
{
  "observation_count": 8,
  "series_count": 2,
  "first_rows": [
    {
      "dataflow_id": "state_budgets.vic_budget",
      "measure_id": "value",
      "dimensions": {
        "budget_year": "2026-27",
        "jurisdiction": "VIC",
        "line_item": "revenue",
        "paper": "bp5-statement-of-finances",
        "table": "table_1_1_estimated_financial_statements_for_the_general_government_sector_million"
      },
      "unit": "$ million",
      "time": "2025-07-01T00:00:00+00:00",
      "time_precision": "Year",
      "value": 97522.0,
      "status": "Estimated",
      "attributes": {
        "artifact_date": "2026-05-05",
        "attribution": "© Copyright State Government of Victoria",
        "budget_year": "2026-27",
        "extraction_backend": "fixture-pdfplumber",
        "extraction_backend_version": "2026.1",
        "jurisdiction": "VIC",
        "jurisdiction_name": "Victoria",
        "license": "Creative Commons Attribution 4.0 International licence",
        "license_url": "https://creativecommons.org/licenses/by/4.0/",
        "paper": "Budget Paper No. 5",
        "paper_slug": "bp5-statement-of-finances",
        "parser_version": "parse_v1",
        "publication_title": "Statement of Finances",
        "schema_hash": "25df1806f48ed1a256abeb5778785adddf4d5e970eb211b6d47965aecde36c6b",
        "source": "Department of Treasury and Finance Victoria",
        "source_url": "https://s3.ap-southeast-2.amazonaws.com/vicbudgetfiles2026.27vicbudget/2026-27+State+Budget+-+Statement+of+Finances.pdf",
        "table_page": "32",
        "table_title": "Table 1.1: Estimated financial statements for the general government sector ($ million)",
        "vic_line_item": "Revenue",
        "vic_period_label": "2025-26"
      },
      "source_artifact_id": "8332957f0f13ec7a87f3c5c0ce031bc37510d43ae86e9806520461c436a17543"
    },
    {
      "dataflow_id": "state_budgets.vic_budget",
      "measure_id": "value",
      "dimensions": {
        "budget_year": "2026-27",
        "jurisdiction": "VIC",
        "line_item": "revenue",
        "paper": "bp5-statement-of-finances",
        "table": "table_1_1_estimated_financial_statements_for_the_general_government_sector_million"
      },
      "unit": "$ million",
      "time": "2026-07-01T00:00:00+00:00",
      "time_precision": "Year",
      "value": 101402.0,
      "status": "Forecast",
      "attributes": {
        "artifact_date": "2026-05-05",
        "attribution": "© Copyright State Government of Victoria",
        "budget_year": "2026-27",
        "extraction_backend": "fixture-pdfplumber",
        "extraction_backend_version": "2026.1",
        "jurisdiction": "VIC",
        "jurisdiction_name": "Victoria",
        "license": "Creative Commons Attribution 4.0 International licence",
        "license_url": "https://creativecommons.org/licenses/by/4.0/",
        "paper": "Budget Paper No. 5",
        "paper_slug": "bp5-statement-of-finances",
        "parser_version": "parse_v1",
        "publication_title": "Statement of Finances",
        "schema_hash": "25df1806f48ed1a256abeb5778785adddf4d5e970eb211b6d47965aecde36c6b",
        "source": "Department of Treasury and Finance Victoria",
        "source_url": "https://s3.ap-southeast-2.amazonaws.com/vicbudgetfiles2026.27vicbudget/2026-27+State+Budget+-+Statement+of+Finances.pdf",
        "table_page": "32",
        "table_title": "Table 1.1: Estimated financial statements for the general government sector ($ million)",
        "vic_line_item": "Revenue",
        "vic_period_label": "2026-27"
      },
      "source_artifact_id": "8332957f0f13ec7a87f3c5c0ce031bc37510d43ae86e9806520461c436a17543"
    },
    {
      "dataflow_id": "state_budgets.vic_budget",
      "measure_id": "value",
      "dimensions": {
        "budget_year": "2026-27",
        "jurisdiction": "VIC",
        "line_item": "revenue",
        "paper": "bp5-statement-of-finances",
        "table": "table_1_1_estimated_financial_statements_for_the_general_government_sector_million"
      },
      "unit": "$ million",
      "time": "2027-07-01T00:00:00+00:00",
      "time_precision": "Year",
      "value": 105888.0,
      "status": "Forecast",
      "attributes": {
        "artifact_date": "2026-05-05",
        "attribution": "© Copyright State Government of Victoria",
        "budget_year": "2026-27",
        "extraction_backend": "fixture-pdfplumber",
        "extraction_backend_version": "2026.1",
        "jurisdiction": "VIC",
        "jurisdiction_name": "Victoria",
        "license": "Creative Commons Attribution 4.0 International licence",
        "license_url": "https://creativecommons.org/licenses/by/4.0/",
        "paper": "Budget Paper No. 5",
        "paper_slug": "bp5-statement-of-finances",
        "parser_version": "parse_v1",
        "publication_title": "Statement of Finances",
        "schema_hash": "25df1806f48ed1a256abeb5778785adddf4d5e970eb211b6d47965aecde36c6b",
        "source": "Department of Treasury and Finance Victoria",
        "source_url": "https://s3.ap-southeast-2.amazonaws.com/vicbudgetfiles2026.27vicbudget/2026-27+State+Budget+-+Statement+of+Finances.pdf",
        "table_page": "32",
        "table_title": "Table 1.1: Estimated financial statements for the general government sector ($ million)",
        "vic_line_item": "Revenue",
        "vic_period_label": "2027-28"
      },
      "source_artifact_id": "8332957f0f13ec7a87f3c5c0ce031bc37510d43ae86e9806520461c436a17543"
    },
    {
      "dataflow_id": "state_budgets.vic_budget",
      "measure_id": "value",
      "dimensions": {
        "budget_year": "2026-27",
        "jurisdiction": "VIC",
        "line_item": "revenue",
        "paper": "bp5-statement-of-finances",
        "table": "table_1_1_estimated_financial_statements_for_the_general_government_sector_million"
      },
      "unit": "$ million",
      "time": "2028-07-01T00:00:00+00:00",
      "time_precision": "Year",
      "value": 110345.0,
      "status": "Forecast",
      "attributes": {
        "artifact_date": "2026-05-05",
        "attribution": "© Copyright State Government of Victoria",
        "budget_year": "2026-27",
        "extraction_backend": "fixture-pdfplumber",
        "extraction_backend_version": "2026.1",
        "jurisdiction": "VIC",
        "jurisdiction_name": "Victoria",
        "license": "Creative Commons Attribution 4.0 International licence",
        "license_url": "https://creativecommons.org/licenses/by/4.0/",
        "paper": "Budget Paper No. 5",
        "paper_slug": "bp5-statement-of-finances",
        "parser_version": "parse_v1",
        "publication_title": "Statement of Finances",
        "schema_hash": "25df1806f48ed1a256abeb5778785adddf4d5e970eb211b6d47965aecde36c6b",
        "source": "Department of Treasury and Finance Victoria",
        "source_url": "https://s3.ap-southeast-2.amazonaws.com/vicbudgetfiles2026.27vicbudget/2026-27+State+Budget+-+Statement+of+Finances.pdf",
        "table_page": "32",
        "table_title": "Table 1.1: Estimated financial statements for the general government sector ($ million)",
        "vic_line_item": "Revenue",
        "vic_period_label": "2028-29"
      },
      "source_artifact_id": "8332957f0f13ec7a87f3c5c0ce031bc37510d43ae86e9806520461c436a17543"
    },
    {
      "dataflow_id": "state_budgets.vic_budget",
      "measure_id": "value",
      "dimensions": {
        "budget_year": "2026-27",
        "jurisdiction": "VIC",
        "line_item": "expenses",
        "paper": "bp5-statement-of-finances",
        "table": "table_1_1_estimated_financial_statements_for_the_general_government_sector_million"
      },
      "unit": "$ million",
      "time": "2025-07-01T00:00:00+00:00",
      "time_precision": "Year",
      "value": 102467.0,
      "status": "Estimated",
      "attributes": {
        "artifact_date": "2026-05-05",
        "attribution": "© Copyright State Government of Victoria",
        "budget_year": "2026-27",
        "extraction_backend": "fixture-pdfplumber",
        "extraction_backend_version": "2026.1",
        "jurisdiction": "VIC",
        "jurisdiction_name": "Victoria",
        "license": "Creative Commons Attribution 4.0 International licence",
        "license_url": "https://creativecommons.org/licenses/by/4.0/",
        "paper": "Budget Paper No. 5",
        "paper_slug": "bp5-statement-of-finances",
        "parser_version": "parse_v1",
        "publication_title": "Statement of Finances",
        "schema_hash": "25df1806f48ed1a256abeb5778785adddf4d5e970eb211b6d47965aecde36c6b",
        "source": "Department of Treasury and Finance Victoria",
        "source_url": "https://s3.ap-southeast-2.amazonaws.com/vicbudgetfiles2026.27vicbudget/2026-27+State+Budget+-+Statement+of+Finances.pdf",
        "table_page": "32",
        "table_title": "Table 1.1: Estimated financial statements for the general government sector ($ million)",
        "vic_line_item": "Expenses",
        "vic_period_label": "2025-26"
      },
      "source_artifact_id": "8332957f0f13ec7a87f3c5c0ce031bc37510d43ae86e9806520461c436a17543"
    },
    {
      "dataflow_id": "state_budgets.vic_budget",
      "measure_id": "value",
      "dimensions": {
        "budget_year": "2026-27",
        "jurisdiction": "VIC",
        "line_item": "expenses",
        "paper": "bp5-statement-of-finances",
        "table": "table_1_1_estimated_financial_statements_for_the_general_government_sector_million"
      },
      "unit": "$ million",
      "time": "2026-07-01T00:00:00+00:00",
      "time_precision": "Year",
      "value": 104910.0,
      "status": "Forecast",
      "attributes": {
        "artifact_date": "2026-05-05",
        "attribution": "© Copyright State Government of Victoria",
        "budget_year": "2026-27",
        "extraction_backend": "fixture-pdfplumber",
        "extraction_backend_version": "2026.1",
        "jurisdiction": "VIC",
        "jurisdiction_name": "Victoria",
        "license": "Creative Commons Attribution 4.0 International licence",
        "license_url": "https://creativecommons.org/licenses/by/4.0/",
        "paper": "Budget Paper No. 5",
        "paper_slug": "bp5-statement-of-finances",
        "parser_version": "parse_v1",
        "publication_title": "Statement of Finances",
        "schema_hash": "25df1806f48ed1a256abeb5778785adddf4d5e970eb211b6d47965aecde36c6b",
        "source": "Department of Treasury and Finance Victoria",
        "source_url": "https://s3.ap-southeast-2.amazonaws.com/vicbudgetfiles2026.27vicbudget/2026-27+State+Budget+-+Statement+of+Finances.pdf",
        "table_page": "32",
        "table_title": "Table 1.1: Estimated financial statements for the general government sector ($ million)",
        "vic_line_item": "Expenses",
        "vic_period_label": "2026-27"
      },
      "source_artifact_id": "8332957f0f13ec7a87f3c5c0ce031bc37510d43ae86e9806520461c436a17543"
    },
    {
      "dataflow_id": "state_budgets.vic_budget",
      "measure_id": "value",
      "dimensions": {
        "budget_year": "2026-27",
        "jurisdiction": "VIC",
        "line_item": "expenses",
        "paper": "bp5-statement-of-finances",
        "table": "table_1_1_estimated_financial_statements_for_the_general_government_sector_million"
      },
      "unit": "$ million",
      "time": "2027-07-01T00:00:00+00:00",
      "time_precision": "Year",
      "value": 108001.0,
      "status": "Forecast",
      "attributes": {
        "artifact_date": "2026-05-05",
        "attribution": "© Copyright State Government of Victoria",
        "budget_year": "2026-27",
        "extraction_backend": "fixture-pdfplumber",
        "extraction_backend_version": "2026.1",
        "jurisdiction": "VIC",
        "jurisdiction_name": "Victoria",
        "license": "Creative Commons Attribution 4.0 International licence",
        "license_url": "https://creativecommons.org/licenses/by/4.0/",
        "paper": "Budget Paper No. 5",
        "paper_slug": "bp5-statement-of-finances",
        "parser_version": "parse_v1",
        "publication_title": "Statement of Finances",
        "schema_hash": "25df1806f48ed1a256abeb5778785adddf4d5e970eb211b6d47965aecde36c6b",
        "source": "Department of Treasury and Finance Victoria",
        "source_url": "https://s3.ap-southeast-2.amazonaws.com/vicbudgetfiles2026.27vicbudget/2026-27+State+Budget+-+Statement+of+Finances.pdf",
        "table_page": "32",
        "table_title": "Table 1.1: Estimated financial statements for the general government sector ($ million)",
        "vic_line_item": "Expenses",
        "vic_period_label": "2027-28"
      },
      "source_artifact_id": "8332957f0f13ec7a87f3c5c0ce031bc37510d43ae86e9806520461c436a17543"
    },
    {
      "dataflow_id": "state_budgets.vic_budget",
      "measure_id": "value",
      "dimensions": {
        "budget_year": "2026-27",
        "jurisdiction": "VIC",
        "line_item": "expenses",
        "paper": "bp5-statement-of-finances",
        "table": "table_1_1_estimated_financial_statements_for_the_general_government_sector_million"
      },
      "unit": "$ million",
      "time": "2028-07-01T00:00:00+00:00",
      "time_precision": "Year",
      "value": 111220.0,
      "status": "Forecast",
      "attributes": {
        "artifact_date": "2026-05-05",
        "attribution": "© Copyright State Government of Victoria",
        "budget_year": "2026-27",
        "extraction_backend": "fixture-pdfplumber",
        "extraction_backend_version": "2026.1",
        "jurisdiction": "VIC",
        "jurisdiction_name": "Victoria",
        "license": "Creative Commons Attribution 4.0 International licence",
        "license_url": "https://creativecommons.org/licenses/by/4.0/",
        "paper": "Budget Paper No. 5",
        "paper_slug": "bp5-statement-of-finances",
        "parser_version": "parse_v1",
        "publication_title": "Statement of Finances",
        "schema_hash": "25df1806f48ed1a256abeb5778785adddf4d5e970eb211b6d47965aecde36c6b",
        "source": "Department of Treasury and Finance Victoria",
        "source_url": "https://s3.ap-southeast-2.amazonaws.com/vicbudgetfiles2026.27vicbudget/2026-27+State+Budget+-+Statement+of+Finances.pdf",
        "table_page": "32",
        "table_title": "Table 1.1: Estimated financial statements for the general government sector ($ million)",
        "vic_line_item": "Expenses",
        "vic_period_label": "2028-29"
      },
      "source_artifact_id": "8332957f0f13ec7a87f3c5c0ce031bc37510d43ae86e9806520461c436a17543"
    }
  ]
}
