---
source: crates/adapters/state-budgets/tests/parse.rs
expression: snapshot
---
{
  "observation_count": 10,
  "series_count": 2,
  "first_rows": [
    {
      "dataflow_id": "state_budgets.qld_budget",
      "measure_id": "value",
      "dimensions": {
        "budget_year": "2025-26",
        "jurisdiction": "QLD",
        "line_item": "revenue",
        "paper": "bp2-budget-strategy-outlook",
        "table": "table_8_1_general_government_sector_operating_statement_million"
      },
      "unit": "$ million",
      "time": "2024-07-01T00:00:00+00:00",
      "time_precision": "Year",
      "value": 96230.0,
      "status": "Estimated",
      "attributes": {
        "artifact_date": "2025-06-24",
        "attribution": "© The State of Queensland 2025 (Queensland Treasury)",
        "budget_year": "2025-26",
        "extraction_backend": "fixture-pdfplumber",
        "extraction_backend_version": "2026.1",
        "jurisdiction": "QLD",
        "jurisdiction_name": "Queensland",
        "license": "Queensland Treasury copyright",
        "license_url": "https://www.treasury.qld.gov.au/legal/copyright/",
        "paper": "Budget Paper No. 2",
        "paper_slug": "bp2-budget-strategy-outlook",
        "parser_version": "parse_v1",
        "publication_title": "Budget Strategy and Outlook",
        "qld_line_item": "Revenue",
        "qld_period_label": "2024-25",
        "schema_hash": "a8706dc9455aff8bc8474454cbf528b69daea0c13e2abf4805ff01fe10ead3a2",
        "source": "Queensland Treasury",
        "source_url": "https://budget.qld.gov.au/files/Budget-2025-26-BP2-Budget-Strategy-Outlook.pdf",
        "table_page": "32",
        "table_title": "Table 8.1: General Government Sector Operating Statement ($ million)"
      },
      "source_artifact_id": "925ea08ebaac5ceff51852fbe0c78584729f7e34a433ead2b5add358098d9504"
    },
    {
      "dataflow_id": "state_budgets.qld_budget",
      "measure_id": "value",
      "dimensions": {
        "budget_year": "2025-26",
        "jurisdiction": "QLD",
        "line_item": "revenue",
        "paper": "bp2-budget-strategy-outlook",
        "table": "table_8_1_general_government_sector_operating_statement_million"
      },
      "unit": "$ million",
      "time": "2025-07-01T00:00:00+00:00",
      "time_precision": "Year",
      "value": 98442.0,
      "status": "Forecast",
      "attributes": {
        "artifact_date": "2025-06-24",
        "attribution": "© The State of Queensland 2025 (Queensland Treasury)",
        "budget_year": "2025-26",
        "extraction_backend": "fixture-pdfplumber",
        "extraction_backend_version": "2026.1",
        "jurisdiction": "QLD",
        "jurisdiction_name": "Queensland",
        "license": "Queensland Treasury copyright",
        "license_url": "https://www.treasury.qld.gov.au/legal/copyright/",
        "paper": "Budget Paper No. 2",
        "paper_slug": "bp2-budget-strategy-outlook",
        "parser_version": "parse_v1",
        "publication_title": "Budget Strategy and Outlook",
        "qld_line_item": "Revenue",
        "qld_period_label": "2025-26",
        "schema_hash": "a8706dc9455aff8bc8474454cbf528b69daea0c13e2abf4805ff01fe10ead3a2",
        "source": "Queensland Treasury",
        "source_url": "https://budget.qld.gov.au/files/Budget-2025-26-BP2-Budget-Strategy-Outlook.pdf",
        "table_page": "32",
        "table_title": "Table 8.1: General Government Sector Operating Statement ($ million)"
      },
      "source_artifact_id": "925ea08ebaac5ceff51852fbe0c78584729f7e34a433ead2b5add358098d9504"
    },
    {
      "dataflow_id": "state_budgets.qld_budget",
      "measure_id": "value",
      "dimensions": {
        "budget_year": "2025-26",
        "jurisdiction": "QLD",
        "line_item": "revenue",
        "paper": "bp2-budget-strategy-outlook",
        "table": "table_8_1_general_government_sector_operating_statement_million"
      },
      "unit": "$ million",
      "time": "2026-07-01T00:00:00+00:00",
      "time_precision": "Year",
      "value": 101118.0,
      "status": "Forecast",
      "attributes": {
        "artifact_date": "2025-06-24",
        "attribution": "© The State of Queensland 2025 (Queensland Treasury)",
        "budget_year": "2025-26",
        "extraction_backend": "fixture-pdfplumber",
        "extraction_backend_version": "2026.1",
        "jurisdiction": "QLD",
        "jurisdiction_name": "Queensland",
        "license": "Queensland Treasury copyright",
        "license_url": "https://www.treasury.qld.gov.au/legal/copyright/",
        "paper": "Budget Paper No. 2",
        "paper_slug": "bp2-budget-strategy-outlook",
        "parser_version": "parse_v1",
        "publication_title": "Budget Strategy and Outlook",
        "qld_line_item": "Revenue",
        "qld_period_label": "2026-27",
        "schema_hash": "a8706dc9455aff8bc8474454cbf528b69daea0c13e2abf4805ff01fe10ead3a2",
        "source": "Queensland Treasury",
        "source_url": "https://budget.qld.gov.au/files/Budget-2025-26-BP2-Budget-Strategy-Outlook.pdf",
        "table_page": "32",
        "table_title": "Table 8.1: General Government Sector Operating Statement ($ million)"
      },
      "source_artifact_id": "925ea08ebaac5ceff51852fbe0c78584729f7e34a433ead2b5add358098d9504"
    },
    {
      "dataflow_id": "state_budgets.qld_budget",
      "measure_id": "value",
      "dimensions": {
        "budget_year": "2025-26",
        "jurisdiction": "QLD",
        "line_item": "revenue",
        "paper": "bp2-budget-strategy-outlook",
        "table": "table_8_1_general_government_sector_operating_statement_million"
      },
      "unit": "$ million",
      "time": "2027-07-01T00:00:00+00:00",
      "time_precision": "Year",
      "value": 104009.0,
      "status": "Forecast",
      "attributes": {
        "artifact_date": "2025-06-24",
        "attribution": "© The State of Queensland 2025 (Queensland Treasury)",
        "budget_year": "2025-26",
        "extraction_backend": "fixture-pdfplumber",
        "extraction_backend_version": "2026.1",
        "jurisdiction": "QLD",
        "jurisdiction_name": "Queensland",
        "license": "Queensland Treasury copyright",
        "license_url": "https://www.treasury.qld.gov.au/legal/copyright/",
        "paper": "Budget Paper No. 2",
        "paper_slug": "bp2-budget-strategy-outlook",
        "parser_version": "parse_v1",
        "publication_title": "Budget Strategy and Outlook",
        "qld_line_item": "Revenue",
        "qld_period_label": "2027-28",
        "schema_hash": "a8706dc9455aff8bc8474454cbf528b69daea0c13e2abf4805ff01fe10ead3a2",
        "source": "Queensland Treasury",
        "source_url": "https://budget.qld.gov.au/files/Budget-2025-26-BP2-Budget-Strategy-Outlook.pdf",
        "table_page": "32",
        "table_title": "Table 8.1: General Government Sector Operating Statement ($ million)"
      },
      "source_artifact_id": "925ea08ebaac5ceff51852fbe0c78584729f7e34a433ead2b5add358098d9504"
    },
    {
      "dataflow_id": "state_budgets.qld_budget",
      "measure_id": "value",
      "dimensions": {
        "budget_year": "2025-26",
        "jurisdiction": "QLD",
        "line_item": "revenue",
        "paper": "bp2-budget-strategy-outlook",
        "table": "table_8_1_general_government_sector_operating_statement_million"
      },
      "unit": "$ million",
      "time": "2028-07-01T00:00:00+00:00",
      "time_precision": "Year",
      "value": 106774.0,
      "status": "Forecast",
      "attributes": {
        "artifact_date": "2025-06-24",
        "attribution": "© The State of Queensland 2025 (Queensland Treasury)",
        "budget_year": "2025-26",
        "extraction_backend": "fixture-pdfplumber",
        "extraction_backend_version": "2026.1",
        "jurisdiction": "QLD",
        "jurisdiction_name": "Queensland",
        "license": "Queensland Treasury copyright",
        "license_url": "https://www.treasury.qld.gov.au/legal/copyright/",
        "paper": "Budget Paper No. 2",
        "paper_slug": "bp2-budget-strategy-outlook",
        "parser_version": "parse_v1",
        "publication_title": "Budget Strategy and Outlook",
        "qld_line_item": "Revenue",
        "qld_period_label": "2028-29",
        "schema_hash": "a8706dc9455aff8bc8474454cbf528b69daea0c13e2abf4805ff01fe10ead3a2",
        "source": "Queensland Treasury",
        "source_url": "https://budget.qld.gov.au/files/Budget-2025-26-BP2-Budget-Strategy-Outlook.pdf",
        "table_page": "32",
        "table_title": "Table 8.1: General Government Sector Operating Statement ($ million)"
      },
      "source_artifact_id": "925ea08ebaac5ceff51852fbe0c78584729f7e34a433ead2b5add358098d9504"
    },
    {
      "dataflow_id": "state_budgets.qld_budget",
      "measure_id": "value",
      "dimensions": {
        "budget_year": "2025-26",
        "jurisdiction": "QLD",
        "line_item": "expenses",
        "paper": "bp2-budget-strategy-outlook",
        "table": "table_8_1_general_government_sector_operating_statement_million"
      },
      "unit": "$ million",
      "time": "2024-07-01T00:00:00+00:00",
      "time_precision": "Year",
      "value": 103601.0,
      "status": "Estimated",
      "attributes": {
        "artifact_date": "2025-06-24",
        "attribution": "© The State of Queensland 2025 (Queensland Treasury)",
        "budget_year": "2025-26",
        "extraction_backend": "fixture-pdfplumber",
        "extraction_backend_version": "2026.1",
        "jurisdiction": "QLD",
        "jurisdiction_name": "Queensland",
        "license": "Queensland Treasury copyright",
        "license_url": "https://www.treasury.qld.gov.au/legal/copyright/",
        "paper": "Budget Paper No. 2",
        "paper_slug": "bp2-budget-strategy-outlook",
        "parser_version": "parse_v1",
        "publication_title": "Budget Strategy and Outlook",
        "qld_line_item": "Expenses",
        "qld_period_label": "2024-25",
        "schema_hash": "a8706dc9455aff8bc8474454cbf528b69daea0c13e2abf4805ff01fe10ead3a2",
        "source": "Queensland Treasury",
        "source_url": "https://budget.qld.gov.au/files/Budget-2025-26-BP2-Budget-Strategy-Outlook.pdf",
        "table_page": "32",
        "table_title": "Table 8.1: General Government Sector Operating Statement ($ million)"
      },
      "source_artifact_id": "925ea08ebaac5ceff51852fbe0c78584729f7e34a433ead2b5add358098d9504"
    },
    {
      "dataflow_id": "state_budgets.qld_budget",
      "measure_id": "value",
      "dimensions": {
        "budget_year": "2025-26",
        "jurisdiction": "QLD",
        "line_item": "expenses",
        "paper": "bp2-budget-strategy-outlook",
        "table": "table_8_1_general_government_sector_operating_statement_million"
      },
      "unit": "$ million",
      "time": "2025-07-01T00:00:00+00:00",
      "time_precision": "Year",
      "value": 107014.0,
      "status": "Forecast",
      "attributes": {
        "artifact_date": "2025-06-24",
        "attribution": "© The State of Queensland 2025 (Queensland Treasury)",
        "budget_year": "2025-26",
        "extraction_backend": "fixture-pdfplumber",
        "extraction_backend_version": "2026.1",
        "jurisdiction": "QLD",
        "jurisdiction_name": "Queensland",
        "license": "Queensland Treasury copyright",
        "license_url": "https://www.treasury.qld.gov.au/legal/copyright/",
        "paper": "Budget Paper No. 2",
        "paper_slug": "bp2-budget-strategy-outlook",
        "parser_version": "parse_v1",
        "publication_title": "Budget Strategy and Outlook",
        "qld_line_item": "Expenses",
        "qld_period_label": "2025-26",
        "schema_hash": "a8706dc9455aff8bc8474454cbf528b69daea0c13e2abf4805ff01fe10ead3a2",
        "source": "Queensland Treasury",
        "source_url": "https://budget.qld.gov.au/files/Budget-2025-26-BP2-Budget-Strategy-Outlook.pdf",
        "table_page": "32",
        "table_title": "Table 8.1: General Government Sector Operating Statement ($ million)"
      },
      "source_artifact_id": "925ea08ebaac5ceff51852fbe0c78584729f7e34a433ead2b5add358098d9504"
    },
    {
      "dataflow_id": "state_budgets.qld_budget",
      "measure_id": "value",
      "dimensions": {
        "budget_year": "2025-26",
        "jurisdiction": "QLD",
        "line_item": "expenses",
        "paper": "bp2-budget-strategy-outlook",
        "table": "table_8_1_general_government_sector_operating_statement_million"
      },
      "unit": "$ million",
      "time": "2026-07-01T00:00:00+00:00",
      "time_precision": "Year",
      "value": 109290.0,
      "status": "Forecast",
      "attributes": {
        "artifact_date": "2025-06-24",
        "attribution": "© The State of Queensland 2025 (Queensland Treasury)",
        "budget_year": "2025-26",
        "extraction_backend": "fixture-pdfplumber",
        "extraction_backend_version": "2026.1",
        "jurisdiction": "QLD",
        "jurisdiction_name": "Queensland",
        "license": "Queensland Treasury copyright",
        "license_url": "https://www.treasury.qld.gov.au/legal/copyright/",
        "paper": "Budget Paper No. 2",
        "paper_slug": "bp2-budget-strategy-outlook",
        "parser_version": "parse_v1",
        "publication_title": "Budget Strategy and Outlook",
        "qld_line_item": "Expenses",
        "qld_period_label": "2026-27",
        "schema_hash": "a8706dc9455aff8bc8474454cbf528b69daea0c13e2abf4805ff01fe10ead3a2",
        "source": "Queensland Treasury",
        "source_url": "https://budget.qld.gov.au/files/Budget-2025-26-BP2-Budget-Strategy-Outlook.pdf",
        "table_page": "32",
        "table_title": "Table 8.1: General Government Sector Operating Statement ($ million)"
      },
      "source_artifact_id": "925ea08ebaac5ceff51852fbe0c78584729f7e34a433ead2b5add358098d9504"
    },
    {
      "dataflow_id": "state_budgets.qld_budget",
      "measure_id": "value",
      "dimensions": {
        "budget_year": "2025-26",
        "jurisdiction": "QLD",
        "line_item": "expenses",
        "paper": "bp2-budget-strategy-outlook",
        "table": "table_8_1_general_government_sector_operating_statement_million"
      },
      "unit": "$ million",
      "time": "2027-07-01T00:00:00+00:00",
      "time_precision": "Year",
      "value": 111531.0,
      "status": "Forecast",
      "attributes": {
        "artifact_date": "2025-06-24",
        "attribution": "© The State of Queensland 2025 (Queensland Treasury)",
        "budget_year": "2025-26",
        "extraction_backend": "fixture-pdfplumber",
        "extraction_backend_version": "2026.1",
        "jurisdiction": "QLD",
        "jurisdiction_name": "Queensland",
        "license": "Queensland Treasury copyright",
        "license_url": "https://www.treasury.qld.gov.au/legal/copyright/",
        "paper": "Budget Paper No. 2",
        "paper_slug": "bp2-budget-strategy-outlook",
        "parser_version": "parse_v1",
        "publication_title": "Budget Strategy and Outlook",
        "qld_line_item": "Expenses",
        "qld_period_label": "2027-28",
        "schema_hash": "a8706dc9455aff8bc8474454cbf528b69daea0c13e2abf4805ff01fe10ead3a2",
        "source": "Queensland Treasury",
        "source_url": "https://budget.qld.gov.au/files/Budget-2025-26-BP2-Budget-Strategy-Outlook.pdf",
        "table_page": "32",
        "table_title": "Table 8.1: General Government Sector Operating Statement ($ million)"
      },
      "source_artifact_id": "925ea08ebaac5ceff51852fbe0c78584729f7e34a433ead2b5add358098d9504"
    },
    {
      "dataflow_id": "state_budgets.qld_budget",
      "measure_id": "value",
      "dimensions": {
        "budget_year": "2025-26",
        "jurisdiction": "QLD",
        "line_item": "expenses",
        "paper": "bp2-budget-strategy-outlook",
        "table": "table_8_1_general_government_sector_operating_statement_million"
      },
      "unit": "$ million",
      "time": "2028-07-01T00:00:00+00:00",
      "time_precision": "Year",
      "value": 113802.0,
      "status": "Forecast",
      "attributes": {
        "artifact_date": "2025-06-24",
        "attribution": "© The State of Queensland 2025 (Queensland Treasury)",
        "budget_year": "2025-26",
        "extraction_backend": "fixture-pdfplumber",
        "extraction_backend_version": "2026.1",
        "jurisdiction": "QLD",
        "jurisdiction_name": "Queensland",
        "license": "Queensland Treasury copyright",
        "license_url": "https://www.treasury.qld.gov.au/legal/copyright/",
        "paper": "Budget Paper No. 2",
        "paper_slug": "bp2-budget-strategy-outlook",
        "parser_version": "parse_v1",
        "publication_title": "Budget Strategy and Outlook",
        "qld_line_item": "Expenses",
        "qld_period_label": "2028-29",
        "schema_hash": "a8706dc9455aff8bc8474454cbf528b69daea0c13e2abf4805ff01fe10ead3a2",
        "source": "Queensland Treasury",
        "source_url": "https://budget.qld.gov.au/files/Budget-2025-26-BP2-Budget-Strategy-Outlook.pdf",
        "table_page": "32",
        "table_title": "Table 8.1: General Government Sector Operating Statement ($ million)"
      },
      "source_artifact_id": "925ea08ebaac5ceff51852fbe0c78584729f7e34a433ead2b5add358098d9504"
    }
  ]
}
