---
source: crates/adapters/state-budgets/tests/parse.rs
expression: snapshot
---
{
  "observation_count": 24,
  "series_count": 4,
  "first_rows": [
    {
      "dataflow_id": "state_budgets.qld_budget",
      "measure_id": "value",
      "dimensions": {
        "budget_year": "2025-26",
        "jurisdiction": "QLD",
        "line_item": "taxation_revenue",
        "paper": "bp2-budget-strategy-outlook",
        "table": "table_8_1_general_government_sector_operating_statement1"
      },
      "unit": "$ million",
      "time": "2023-07-01T00:00:00+00:00",
      "time_precision": "Year",
      "value": 22659.0,
      "status": "Normal",
      "attributes": {
        "artifact_date": "2025-06-24",
        "attribution": "© The State of Queensland 2025 (Queensland Treasury)",
        "budget_year": "2025-26",
        "extraction_backend": "fixture-pdfplumber",
        "extraction_backend_version": "2026.1",
        "jurisdiction": "QLD",
        "jurisdiction_name": "Queensland",
        "license": "Queensland Treasury copyright",
        "license_url": "https://www.treasury.qld.gov.au/legal/copyright/",
        "paper": "Budget Paper No. 2",
        "paper_slug": "bp2-budget-strategy-outlook",
        "parser_version": "parse_v1",
        "publication_title": "Budget Strategy and Outlook",
        "qld_line_item": "Taxation revenue",
        "qld_period_label": "2023-24",
        "schema_hash": "3dc097502c47f72793ba9bff6b62b77d022d00a69ac6e7e7d81349bb11c8e7ef",
        "source": "Queensland Treasury",
        "source_url": "https://budget.qld.gov.au/files/Budget-2025-26-BP2-Budget-Strategy-Outlook.pdf",
        "table_page": "32",
        "table_title": "Table 8.1 General Government Sector Operating Statement1"
      },
      "source_artifact_id": "925ea08ebaac5ceff51852fbe0c78584729f7e34a433ead2b5add358098d9504"
    },
    {
      "dataflow_id": "state_budgets.qld_budget",
      "measure_id": "value",
      "dimensions": {
        "budget_year": "2025-26",
        "jurisdiction": "QLD",
        "line_item": "taxation_revenue",
        "paper": "bp2-budget-strategy-outlook",
        "table": "table_8_1_general_government_sector_operating_statement1"
      },
      "unit": "$ million",
      "time": "2024-07-01T00:00:00+00:00",
      "time_precision": "Year",
      "value": 25015.0,
      "status": "Estimated",
      "attributes": {
        "artifact_date": "2025-06-24",
        "attribution": "© The State of Queensland 2025 (Queensland Treasury)",
        "budget_year": "2025-26",
        "extraction_backend": "fixture-pdfplumber",
        "extraction_backend_version": "2026.1",
        "jurisdiction": "QLD",
        "jurisdiction_name": "Queensland",
        "license": "Queensland Treasury copyright",
        "license_url": "https://www.treasury.qld.gov.au/legal/copyright/",
        "paper": "Budget Paper No. 2",
        "paper_slug": "bp2-budget-strategy-outlook",
        "parser_version": "parse_v1",
        "publication_title": "Budget Strategy and Outlook",
        "qld_line_item": "Taxation revenue",
        "qld_period_label": "2024-25",
        "schema_hash": "3dc097502c47f72793ba9bff6b62b77d022d00a69ac6e7e7d81349bb11c8e7ef",
        "source": "Queensland Treasury",
        "source_url": "https://budget.qld.gov.au/files/Budget-2025-26-BP2-Budget-Strategy-Outlook.pdf",
        "table_page": "32",
        "table_title": "Table 8.1 General Government Sector Operating Statement1"
      },
      "source_artifact_id": "925ea08ebaac5ceff51852fbe0c78584729f7e34a433ead2b5add358098d9504"
    },
    {
      "dataflow_id": "state_budgets.qld_budget",
      "measure_id": "value",
      "dimensions": {
        "budget_year": "2025-26",
        "jurisdiction": "QLD",
        "line_item": "taxation_revenue",
        "paper": "bp2-budget-strategy-outlook",
        "table": "table_8_1_general_government_sector_operating_statement1"
      },
      "unit": "$ million",
      "time": "2025-07-01T00:00:00+00:00",
      "time_precision": "Year",
      "value": 26907.0,
      "status": "Forecast",
      "attributes": {
        "artifact_date": "2025-06-24",
        "attribution": "© The State of Queensland 2025 (Queensland Treasury)",
        "budget_year": "2025-26",
        "extraction_backend": "fixture-pdfplumber",
        "extraction_backend_version": "2026.1",
        "jurisdiction": "QLD",
        "jurisdiction_name": "Queensland",
        "license": "Queensland Treasury copyright",
        "license_url": "https://www.treasury.qld.gov.au/legal/copyright/",
        "paper": "Budget Paper No. 2",
        "paper_slug": "bp2-budget-strategy-outlook",
        "parser_version": "parse_v1",
        "publication_title": "Budget Strategy and Outlook",
        "qld_line_item": "Taxation revenue",
        "qld_period_label": "2025-26",
        "schema_hash": "3dc097502c47f72793ba9bff6b62b77d022d00a69ac6e7e7d81349bb11c8e7ef",
        "source": "Queensland Treasury",
        "source_url": "https://budget.qld.gov.au/files/Budget-2025-26-BP2-Budget-Strategy-Outlook.pdf",
        "table_page": "32",
        "table_title": "Table 8.1 General Government Sector Operating Statement1"
      },
      "source_artifact_id": "925ea08ebaac5ceff51852fbe0c78584729f7e34a433ead2b5add358098d9504"
    },
    {
      "dataflow_id": "state_budgets.qld_budget",
      "measure_id": "value",
      "dimensions": {
        "budget_year": "2025-26",
        "jurisdiction": "QLD",
        "line_item": "taxation_revenue",
        "paper": "bp2-budget-strategy-outlook",
        "table": "table_8_1_general_government_sector_operating_statement1"
      },
      "unit": "$ million",
      "time": "2026-07-01T00:00:00+00:00",
      "time_precision": "Year",
      "value": 28723.0,
      "status": "Forecast",
      "attributes": {
        "artifact_date": "2025-06-24",
        "attribution": "© The State of Queensland 2025 (Queensland Treasury)",
        "budget_year": "2025-26",
        "extraction_backend": "fixture-pdfplumber",
        "extraction_backend_version": "2026.1",
        "jurisdiction": "QLD",
        "jurisdiction_name": "Queensland",
        "license": "Queensland Treasury copyright",
        "license_url": "https://www.treasury.qld.gov.au/legal/copyright/",
        "paper": "Budget Paper No. 2",
        "paper_slug": "bp2-budget-strategy-outlook",
        "parser_version": "parse_v1",
        "publication_title": "Budget Strategy and Outlook",
        "qld_line_item": "Taxation revenue",
        "qld_period_label": "2026-27",
        "schema_hash": "3dc097502c47f72793ba9bff6b62b77d022d00a69ac6e7e7d81349bb11c8e7ef",
        "source": "Queensland Treasury",
        "source_url": "https://budget.qld.gov.au/files/Budget-2025-26-BP2-Budget-Strategy-Outlook.pdf",
        "table_page": "32",
        "table_title": "Table 8.1 General Government Sector Operating Statement1"
      },
      "source_artifact_id": "925ea08ebaac5ceff51852fbe0c78584729f7e34a433ead2b5add358098d9504"
    },
    {
      "dataflow_id": "state_budgets.qld_budget",
      "measure_id": "value",
      "dimensions": {
        "budget_year": "2025-26",
        "jurisdiction": "QLD",
        "line_item": "taxation_revenue",
        "paper": "bp2-budget-strategy-outlook",
        "table": "table_8_1_general_government_sector_operating_statement1"
      },
      "unit": "$ million",
      "time": "2027-07-01T00:00:00+00:00",
      "time_precision": "Year",
      "value": 30442.0,
      "status": "Forecast",
      "attributes": {
        "artifact_date": "2025-06-24",
        "attribution": "© The State of Queensland 2025 (Queensland Treasury)",
        "budget_year": "2025-26",
        "extraction_backend": "fixture-pdfplumber",
        "extraction_backend_version": "2026.1",
        "jurisdiction": "QLD",
        "jurisdiction_name": "Queensland",
        "license": "Queensland Treasury copyright",
        "license_url": "https://www.treasury.qld.gov.au/legal/copyright/",
        "paper": "Budget Paper No. 2",
        "paper_slug": "bp2-budget-strategy-outlook",
        "parser_version": "parse_v1",
        "publication_title": "Budget Strategy and Outlook",
        "qld_line_item": "Taxation revenue",
        "qld_period_label": "2027-28",
        "schema_hash": "3dc097502c47f72793ba9bff6b62b77d022d00a69ac6e7e7d81349bb11c8e7ef",
        "source": "Queensland Treasury",
        "source_url": "https://budget.qld.gov.au/files/Budget-2025-26-BP2-Budget-Strategy-Outlook.pdf",
        "table_page": "32",
        "table_title": "Table 8.1 General Government Sector Operating Statement1"
      },
      "source_artifact_id": "925ea08ebaac5ceff51852fbe0c78584729f7e34a433ead2b5add358098d9504"
    },
    {
      "dataflow_id": "state_budgets.qld_budget",
      "measure_id": "value",
      "dimensions": {
        "budget_year": "2025-26",
        "jurisdiction": "QLD",
        "line_item": "taxation_revenue",
        "paper": "bp2-budget-strategy-outlook",
        "table": "table_8_1_general_government_sector_operating_statement1"
      },
      "unit": "$ million",
      "time": "2028-07-01T00:00:00+00:00",
      "time_precision": "Year",
      "value": 32154.0,
      "status": "Forecast",
      "attributes": {
        "artifact_date": "2025-06-24",
        "attribution": "© The State of Queensland 2025 (Queensland Treasury)",
        "budget_year": "2025-26",
        "extraction_backend": "fixture-pdfplumber",
        "extraction_backend_version": "2026.1",
        "jurisdiction": "QLD",
        "jurisdiction_name": "Queensland",
        "license": "Queensland Treasury copyright",
        "license_url": "https://www.treasury.qld.gov.au/legal/copyright/",
        "paper": "Budget Paper No. 2",
        "paper_slug": "bp2-budget-strategy-outlook",
        "parser_version": "parse_v1",
        "publication_title": "Budget Strategy and Outlook",
        "qld_line_item": "Taxation revenue",
        "qld_period_label": "2028-29",
        "schema_hash": "3dc097502c47f72793ba9bff6b62b77d022d00a69ac6e7e7d81349bb11c8e7ef",
        "source": "Queensland Treasury",
        "source_url": "https://budget.qld.gov.au/files/Budget-2025-26-BP2-Budget-Strategy-Outlook.pdf",
        "table_page": "32",
        "table_title": "Table 8.1 General Government Sector Operating Statement1"
      },
      "source_artifact_id": "925ea08ebaac5ceff51852fbe0c78584729f7e34a433ead2b5add358098d9504"
    },
    {
      "dataflow_id": "state_budgets.qld_budget",
      "measure_id": "value",
      "dimensions": {
        "budget_year": "2025-26",
        "jurisdiction": "QLD",
        "line_item": "grants_revenue",
        "paper": "bp2-budget-strategy-outlook",
        "table": "table_8_1_general_government_sector_operating_statement1"
      },
      "unit": "$ million",
      "time": "2023-07-01T00:00:00+00:00",
      "time_precision": "Year",
      "value": 42254.0,
      "status": "Normal",
      "attributes": {
        "artifact_date": "2025-06-24",
        "attribution": "© The State of Queensland 2025 (Queensland Treasury)",
        "budget_year": "2025-26",
        "extraction_backend": "fixture-pdfplumber",
        "extraction_backend_version": "2026.1",
        "jurisdiction": "QLD",
        "jurisdiction_name": "Queensland",
        "license": "Queensland Treasury copyright",
        "license_url": "https://www.treasury.qld.gov.au/legal/copyright/",
        "paper": "Budget Paper No. 2",
        "paper_slug": "bp2-budget-strategy-outlook",
        "parser_version": "parse_v1",
        "publication_title": "Budget Strategy and Outlook",
        "qld_line_item": "Grants revenue",
        "qld_period_label": "2023-24",
        "schema_hash": "3dc097502c47f72793ba9bff6b62b77d022d00a69ac6e7e7d81349bb11c8e7ef",
        "source": "Queensland Treasury",
        "source_url": "https://budget.qld.gov.au/files/Budget-2025-26-BP2-Budget-Strategy-Outlook.pdf",
        "table_page": "32",
        "table_title": "Table 8.1 General Government Sector Operating Statement1"
      },
      "source_artifact_id": "925ea08ebaac5ceff51852fbe0c78584729f7e34a433ead2b5add358098d9504"
    },
    {
      "dataflow_id": "state_budgets.qld_budget",
      "measure_id": "value",
      "dimensions": {
        "budget_year": "2025-26",
        "jurisdiction": "QLD",
        "line_item": "grants_revenue",
        "paper": "bp2-budget-strategy-outlook",
        "table": "table_8_1_general_government_sector_operating_statement1"
      },
      "unit": "$ million",
      "time": "2024-07-01T00:00:00+00:00",
      "time_precision": "Year",
      "value": 43598.0,
      "status": "Estimated",
      "attributes": {
        "artifact_date": "2025-06-24",
        "attribution": "© The State of Queensland 2025 (Queensland Treasury)",
        "budget_year": "2025-26",
        "extraction_backend": "fixture-pdfplumber",
        "extraction_backend_version": "2026.1",
        "jurisdiction": "QLD",
        "jurisdiction_name": "Queensland",
        "license": "Queensland Treasury copyright",
        "license_url": "https://www.treasury.qld.gov.au/legal/copyright/",
        "paper": "Budget Paper No. 2",
        "paper_slug": "bp2-budget-strategy-outlook",
        "parser_version": "parse_v1",
        "publication_title": "Budget Strategy and Outlook",
        "qld_line_item": "Grants revenue",
        "qld_period_label": "2024-25",
        "schema_hash": "3dc097502c47f72793ba9bff6b62b77d022d00a69ac6e7e7d81349bb11c8e7ef",
        "source": "Queensland Treasury",
        "source_url": "https://budget.qld.gov.au/files/Budget-2025-26-BP2-Budget-Strategy-Outlook.pdf",
        "table_page": "32",
        "table_title": "Table 8.1 General Government Sector Operating Statement1"
      },
      "source_artifact_id": "925ea08ebaac5ceff51852fbe0c78584729f7e34a433ead2b5add358098d9504"
    },
    {
      "dataflow_id": "state_budgets.qld_budget",
      "measure_id": "value",
      "dimensions": {
        "budget_year": "2025-26",
        "jurisdiction": "QLD",
        "line_item": "grants_revenue",
        "paper": "bp2-budget-strategy-outlook",
        "table": "table_8_1_general_government_sector_operating_statement1"
      },
      "unit": "$ million",
      "time": "2025-07-01T00:00:00+00:00",
      "time_precision": "Year",
      "value": 45398.0,
      "status": "Forecast",
      "attributes": {
        "artifact_date": "2025-06-24",
        "attribution": "© The State of Queensland 2025 (Queensland Treasury)",
        "budget_year": "2025-26",
        "extraction_backend": "fixture-pdfplumber",
        "extraction_backend_version": "2026.1",
        "jurisdiction": "QLD",
        "jurisdiction_name": "Queensland",
        "license": "Queensland Treasury copyright",
        "license_url": "https://www.treasury.qld.gov.au/legal/copyright/",
        "paper": "Budget Paper No. 2",
        "paper_slug": "bp2-budget-strategy-outlook",
        "parser_version": "parse_v1",
        "publication_title": "Budget Strategy and Outlook",
        "qld_line_item": "Grants revenue",
        "qld_period_label": "2025-26",
        "schema_hash": "3dc097502c47f72793ba9bff6b62b77d022d00a69ac6e7e7d81349bb11c8e7ef",
        "source": "Queensland Treasury",
        "source_url": "https://budget.qld.gov.au/files/Budget-2025-26-BP2-Budget-Strategy-Outlook.pdf",
        "table_page": "32",
        "table_title": "Table 8.1 General Government Sector Operating Statement1"
      },
      "source_artifact_id": "925ea08ebaac5ceff51852fbe0c78584729f7e34a433ead2b5add358098d9504"
    },
    {
      "dataflow_id": "state_budgets.qld_budget",
      "measure_id": "value",
      "dimensions": {
        "budget_year": "2025-26",
        "jurisdiction": "QLD",
        "line_item": "grants_revenue",
        "paper": "bp2-budget-strategy-outlook",
        "table": "table_8_1_general_government_sector_operating_statement1"
      },
      "unit": "$ million",
      "time": "2026-07-01T00:00:00+00:00",
      "time_precision": "Year",
      "value": 46275.0,
      "status": "Forecast",
      "attributes": {
        "artifact_date": "2025-06-24",
        "attribution": "© The State of Queensland 2025 (Queensland Treasury)",
        "budget_year": "2025-26",
        "extraction_backend": "fixture-pdfplumber",
        "extraction_backend_version": "2026.1",
        "jurisdiction": "QLD",
        "jurisdiction_name": "Queensland",
        "license": "Queensland Treasury copyright",
        "license_url": "https://www.treasury.qld.gov.au/legal/copyright/",
        "paper": "Budget Paper No. 2",
        "paper_slug": "bp2-budget-strategy-outlook",
        "parser_version": "parse_v1",
        "publication_title": "Budget Strategy and Outlook",
        "qld_line_item": "Grants revenue",
        "qld_period_label": "2026-27",
        "schema_hash": "3dc097502c47f72793ba9bff6b62b77d022d00a69ac6e7e7d81349bb11c8e7ef",
        "source": "Queensland Treasury",
        "source_url": "https://budget.qld.gov.au/files/Budget-2025-26-BP2-Budget-Strategy-Outlook.pdf",
        "table_page": "32",
        "table_title": "Table 8.1 General Government Sector Operating Statement1"
      },
      "source_artifact_id": "925ea08ebaac5ceff51852fbe0c78584729f7e34a433ead2b5add358098d9504"
    }
  ]
}
