---
source: crates/adapters/state-budgets/tests/parse.rs
expression: snapshot
---
{
  "observation_count": 48,
  "series_count": 8,
  "first_rows": [
    {
      "dataflow_id": "state_budgets.nsw_budget",
      "measure_id": "value",
      "dimensions": {
        "budget_year": "2025-26",
        "jurisdiction": "NSW",
        "line_item": "revenue",
        "paper": "bp1-budget-statement",
        "table": "table_1_2_key_budget_aggregates_for_the_general_government_sector"
      },
      "unit": "$ million",
      "time": "2023-07-01T00:00:00+00:00",
      "time_precision": "Year",
      "value": 110219.0,
      "status": "Normal",
      "attributes": {
        "artifact_date": "2026-03-20",
        "attribution": "Source: NSW Treasury",
        "budget_year": "2025-26",
        "extraction_backend": "fixture-pdfplumber",
        "extraction_backend_version": "2026.1",
        "jurisdiction": "NSW",
        "jurisdiction_name": "New South Wales",
        "license": "Creative Commons Attribution 3.0 Australia Licence",
        "license_url": "https://creativecommons.org/licenses/by/3.0/au/",
        "nsw_line_item": "Revenue",
        "nsw_period_label": "2023-24",
        "paper": "Budget Paper No. 1",
        "paper_slug": "bp1-budget-statement",
        "parser_version": "parse_v1",
        "publication_title": "Budget Statement",
        "schema_hash": "8682d8d86a4591880d0f82cf85acc0eabb8608b2e04fd4dc0934eb8317f7c385",
        "source": "NSW Treasury",
        "source_url": "https://www.nsw.gov.au/sites/default/files/noindex/2026-03/bp1-budget-statement-nsw-budget-2025-26.pdf",
        "table_page": "32",
        "table_title": "Table 1.2: Key budget aggregates for the general government sector"
      },
      "source_artifact_id": "23c7a41992d61b5a06b8820efe7b680f8b0fc87b26c75500fbdfc9900dbaee42"
    },
    {
      "dataflow_id": "state_budgets.nsw_budget",
      "measure_id": "value",
      "dimensions": {
        "budget_year": "2025-26",
        "jurisdiction": "NSW",
        "line_item": "revenue",
        "paper": "bp1-budget-statement",
        "table": "table_1_2_key_budget_aggregates_for_the_general_government_sector"
      },
      "unit": "$ million",
      "time": "2024-07-01T00:00:00+00:00",
      "time_precision": "Year",
      "value": 118090.0,
      "status": "Estimated",
      "attributes": {
        "artifact_date": "2026-03-20",
        "attribution": "Source: NSW Treasury",
        "budget_year": "2025-26",
        "extraction_backend": "fixture-pdfplumber",
        "extraction_backend_version": "2026.1",
        "jurisdiction": "NSW",
        "jurisdiction_name": "New South Wales",
        "license": "Creative Commons Attribution 3.0 Australia Licence",
        "license_url": "https://creativecommons.org/licenses/by/3.0/au/",
        "nsw_line_item": "Revenue",
        "nsw_period_label": "2024-25",
        "paper": "Budget Paper No. 1",
        "paper_slug": "bp1-budget-statement",
        "parser_version": "parse_v1",
        "publication_title": "Budget Statement",
        "schema_hash": "8682d8d86a4591880d0f82cf85acc0eabb8608b2e04fd4dc0934eb8317f7c385",
        "source": "NSW Treasury",
        "source_url": "https://www.nsw.gov.au/sites/default/files/noindex/2026-03/bp1-budget-statement-nsw-budget-2025-26.pdf",
        "table_page": "32",
        "table_title": "Table 1.2: Key budget aggregates for the general government sector"
      },
      "source_artifact_id": "23c7a41992d61b5a06b8820efe7b680f8b0fc87b26c75500fbdfc9900dbaee42"
    },
    {
      "dataflow_id": "state_budgets.nsw_budget",
      "measure_id": "value",
      "dimensions": {
        "budget_year": "2025-26",
        "jurisdiction": "NSW",
        "line_item": "revenue",
        "paper": "bp1-budget-statement",
        "table": "table_1_2_key_budget_aggregates_for_the_general_government_sector"
      },
      "unit": "$ million",
      "time": "2025-07-01T00:00:00+00:00",
      "time_precision": "Year",
      "value": 124154.0,
      "status": "Forecast",
      "attributes": {
        "artifact_date": "2026-03-20",
        "attribution": "Source: NSW Treasury",
        "budget_year": "2025-26",
        "extraction_backend": "fixture-pdfplumber",
        "extraction_backend_version": "2026.1",
        "jurisdiction": "NSW",
        "jurisdiction_name": "New South Wales",
        "license": "Creative Commons Attribution 3.0 Australia Licence",
        "license_url": "https://creativecommons.org/licenses/by/3.0/au/",
        "nsw_line_item": "Revenue",
        "nsw_period_label": "2025-26",
        "paper": "Budget Paper No. 1",
        "paper_slug": "bp1-budget-statement",
        "parser_version": "parse_v1",
        "publication_title": "Budget Statement",
        "schema_hash": "8682d8d86a4591880d0f82cf85acc0eabb8608b2e04fd4dc0934eb8317f7c385",
        "source": "NSW Treasury",
        "source_url": "https://www.nsw.gov.au/sites/default/files/noindex/2026-03/bp1-budget-statement-nsw-budget-2025-26.pdf",
        "table_page": "32",
        "table_title": "Table 1.2: Key budget aggregates for the general government sector"
      },
      "source_artifact_id": "23c7a41992d61b5a06b8820efe7b680f8b0fc87b26c75500fbdfc9900dbaee42"
    },
    {
      "dataflow_id": "state_budgets.nsw_budget",
      "measure_id": "value",
      "dimensions": {
        "budget_year": "2025-26",
        "jurisdiction": "NSW",
        "line_item": "revenue",
        "paper": "bp1-budget-statement",
        "table": "table_1_2_key_budget_aggregates_for_the_general_government_sector"
      },
      "unit": "$ million",
      "time": "2026-07-01T00:00:00+00:00",
      "time_precision": "Year",
      "value": 128038.0,
      "status": "Forecast",
      "attributes": {
        "artifact_date": "2026-03-20",
        "attribution": "Source: NSW Treasury",
        "budget_year": "2025-26",
        "extraction_backend": "fixture-pdfplumber",
        "extraction_backend_version": "2026.1",
        "jurisdiction": "NSW",
        "jurisdiction_name": "New South Wales",
        "license": "Creative Commons Attribution 3.0 Australia Licence",
        "license_url": "https://creativecommons.org/licenses/by/3.0/au/",
        "nsw_line_item": "Revenue",
        "nsw_period_label": "2026-27",
        "paper": "Budget Paper No. 1",
        "paper_slug": "bp1-budget-statement",
        "parser_version": "parse_v1",
        "publication_title": "Budget Statement",
        "schema_hash": "8682d8d86a4591880d0f82cf85acc0eabb8608b2e04fd4dc0934eb8317f7c385",
        "source": "NSW Treasury",
        "source_url": "https://www.nsw.gov.au/sites/default/files/noindex/2026-03/bp1-budget-statement-nsw-budget-2025-26.pdf",
        "table_page": "32",
        "table_title": "Table 1.2: Key budget aggregates for the general government sector"
      },
      "source_artifact_id": "23c7a41992d61b5a06b8820efe7b680f8b0fc87b26c75500fbdfc9900dbaee42"
    },
    {
      "dataflow_id": "state_budgets.nsw_budget",
      "measure_id": "value",
      "dimensions": {
        "budget_year": "2025-26",
        "jurisdiction": "NSW",
        "line_item": "revenue",
        "paper": "bp1-budget-statement",
        "table": "table_1_2_key_budget_aggregates_for_the_general_government_sector"
      },
      "unit": "$ million",
      "time": "2027-07-01T00:00:00+00:00",
      "time_precision": "Year",
      "value": 133232.0,
      "status": "Forecast",
      "attributes": {
        "artifact_date": "2026-03-20",
        "attribution": "Source: NSW Treasury",
        "budget_year": "2025-26",
        "extraction_backend": "fixture-pdfplumber",
        "extraction_backend_version": "2026.1",
        "jurisdiction": "NSW",
        "jurisdiction_name": "New South Wales",
        "license": "Creative Commons Attribution 3.0 Australia Licence",
        "license_url": "https://creativecommons.org/licenses/by/3.0/au/",
        "nsw_line_item": "Revenue",
        "nsw_period_label": "2027-28",
        "paper": "Budget Paper No. 1",
        "paper_slug": "bp1-budget-statement",
        "parser_version": "parse_v1",
        "publication_title": "Budget Statement",
        "schema_hash": "8682d8d86a4591880d0f82cf85acc0eabb8608b2e04fd4dc0934eb8317f7c385",
        "source": "NSW Treasury",
        "source_url": "https://www.nsw.gov.au/sites/default/files/noindex/2026-03/bp1-budget-statement-nsw-budget-2025-26.pdf",
        "table_page": "32",
        "table_title": "Table 1.2: Key budget aggregates for the general government sector"
      },
      "source_artifact_id": "23c7a41992d61b5a06b8820efe7b680f8b0fc87b26c75500fbdfc9900dbaee42"
    },
    {
      "dataflow_id": "state_budgets.nsw_budget",
      "measure_id": "value",
      "dimensions": {
        "budget_year": "2025-26",
        "jurisdiction": "NSW",
        "line_item": "revenue",
        "paper": "bp1-budget-statement",
        "table": "table_1_2_key_budget_aggregates_for_the_general_government_sector"
      },
      "unit": "$ million",
      "time": "2028-07-01T00:00:00+00:00",
      "time_precision": "Year",
      "value": 137135.0,
      "status": "Forecast",
      "attributes": {
        "artifact_date": "2026-03-20",
        "attribution": "Source: NSW Treasury",
        "budget_year": "2025-26",
        "extraction_backend": "fixture-pdfplumber",
        "extraction_backend_version": "2026.1",
        "jurisdiction": "NSW",
        "jurisdiction_name": "New South Wales",
        "license": "Creative Commons Attribution 3.0 Australia Licence",
        "license_url": "https://creativecommons.org/licenses/by/3.0/au/",
        "nsw_line_item": "Revenue",
        "nsw_period_label": "2028-29",
        "paper": "Budget Paper No. 1",
        "paper_slug": "bp1-budget-statement",
        "parser_version": "parse_v1",
        "publication_title": "Budget Statement",
        "schema_hash": "8682d8d86a4591880d0f82cf85acc0eabb8608b2e04fd4dc0934eb8317f7c385",
        "source": "NSW Treasury",
        "source_url": "https://www.nsw.gov.au/sites/default/files/noindex/2026-03/bp1-budget-statement-nsw-budget-2025-26.pdf",
        "table_page": "32",
        "table_title": "Table 1.2: Key budget aggregates for the general government sector"
      },
      "source_artifact_id": "23c7a41992d61b5a06b8820efe7b680f8b0fc87b26c75500fbdfc9900dbaee42"
    },
    {
      "dataflow_id": "state_budgets.nsw_budget",
      "measure_id": "value",
      "dimensions": {
        "budget_year": "2025-26",
        "jurisdiction": "NSW",
        "line_item": "revenue_per_cent_of_gsp",
        "paper": "bp1-budget-statement",
        "table": "table_1_2_key_budget_aggregates_for_the_general_government_sector"
      },
      "unit": "percent",
      "time": "2023-07-01T00:00:00+00:00",
      "time_precision": "Year",
      "value": 13.4,
      "status": "Normal",
      "attributes": {
        "artifact_date": "2026-03-20",
        "attribution": "Source: NSW Treasury",
        "budget_year": "2025-26",
        "extraction_backend": "fixture-pdfplumber",
        "extraction_backend_version": "2026.1",
        "jurisdiction": "NSW",
        "jurisdiction_name": "New South Wales",
        "license": "Creative Commons Attribution 3.0 Australia Licence",
        "license_url": "https://creativecommons.org/licenses/by/3.0/au/",
        "nsw_line_item": "Revenue / Per cent of GSP",
        "nsw_period_label": "2023-24",
        "paper": "Budget Paper No. 1",
        "paper_slug": "bp1-budget-statement",
        "parser_version": "parse_v1",
        "publication_title": "Budget Statement",
        "schema_hash": "8682d8d86a4591880d0f82cf85acc0eabb8608b2e04fd4dc0934eb8317f7c385",
        "source": "NSW Treasury",
        "source_url": "https://www.nsw.gov.au/sites/default/files/noindex/2026-03/bp1-budget-statement-nsw-budget-2025-26.pdf",
        "table_page": "32",
        "table_title": "Table 1.2: Key budget aggregates for the general government sector"
      },
      "source_artifact_id": "23c7a41992d61b5a06b8820efe7b680f8b0fc87b26c75500fbdfc9900dbaee42"
    },
    {
      "dataflow_id": "state_budgets.nsw_budget",
      "measure_id": "value",
      "dimensions": {
        "budget_year": "2025-26",
        "jurisdiction": "NSW",
        "line_item": "revenue_per_cent_of_gsp",
        "paper": "bp1-budget-statement",
        "table": "table_1_2_key_budget_aggregates_for_the_general_government_sector"
      },
      "unit": "percent",
      "time": "2024-07-01T00:00:00+00:00",
      "time_precision": "Year",
      "value": 13.9,
      "status": "Estimated",
      "attributes": {
        "artifact_date": "2026-03-20",
        "attribution": "Source: NSW Treasury",
        "budget_year": "2025-26",
        "extraction_backend": "fixture-pdfplumber",
        "extraction_backend_version": "2026.1",
        "jurisdiction": "NSW",
        "jurisdiction_name": "New South Wales",
        "license": "Creative Commons Attribution 3.0 Australia Licence",
        "license_url": "https://creativecommons.org/licenses/by/3.0/au/",
        "nsw_line_item": "Revenue / Per cent of GSP",
        "nsw_period_label": "2024-25",
        "paper": "Budget Paper No. 1",
        "paper_slug": "bp1-budget-statement",
        "parser_version": "parse_v1",
        "publication_title": "Budget Statement",
        "schema_hash": "8682d8d86a4591880d0f82cf85acc0eabb8608b2e04fd4dc0934eb8317f7c385",
        "source": "NSW Treasury",
        "source_url": "https://www.nsw.gov.au/sites/default/files/noindex/2026-03/bp1-budget-statement-nsw-budget-2025-26.pdf",
        "table_page": "32",
        "table_title": "Table 1.2: Key budget aggregates for the general government sector"
      },
      "source_artifact_id": "23c7a41992d61b5a06b8820efe7b680f8b0fc87b26c75500fbdfc9900dbaee42"
    },
    {
      "dataflow_id": "state_budgets.nsw_budget",
      "measure_id": "value",
      "dimensions": {
        "budget_year": "2025-26",
        "jurisdiction": "NSW",
        "line_item": "revenue_per_cent_of_gsp",
        "paper": "bp1-budget-statement",
        "table": "table_1_2_key_budget_aggregates_for_the_general_government_sector"
      },
      "unit": "percent",
      "time": "2025-07-01T00:00:00+00:00",
      "time_precision": "Year",
      "value": 14.1,
      "status": "Forecast",
      "attributes": {
        "artifact_date": "2026-03-20",
        "attribution": "Source: NSW Treasury",
        "budget_year": "2025-26",
        "extraction_backend": "fixture-pdfplumber",
        "extraction_backend_version": "2026.1",
        "jurisdiction": "NSW",
        "jurisdiction_name": "New South Wales",
        "license": "Creative Commons Attribution 3.0 Australia Licence",
        "license_url": "https://creativecommons.org/licenses/by/3.0/au/",
        "nsw_line_item": "Revenue / Per cent of GSP",
        "nsw_period_label": "2025-26",
        "paper": "Budget Paper No. 1",
        "paper_slug": "bp1-budget-statement",
        "parser_version": "parse_v1",
        "publication_title": "Budget Statement",
        "schema_hash": "8682d8d86a4591880d0f82cf85acc0eabb8608b2e04fd4dc0934eb8317f7c385",
        "source": "NSW Treasury",
        "source_url": "https://www.nsw.gov.au/sites/default/files/noindex/2026-03/bp1-budget-statement-nsw-budget-2025-26.pdf",
        "table_page": "32",
        "table_title": "Table 1.2: Key budget aggregates for the general government sector"
      },
      "source_artifact_id": "23c7a41992d61b5a06b8820efe7b680f8b0fc87b26c75500fbdfc9900dbaee42"
    },
    {
      "dataflow_id": "state_budgets.nsw_budget",
      "measure_id": "value",
      "dimensions": {
        "budget_year": "2025-26",
        "jurisdiction": "NSW",
        "line_item": "revenue_per_cent_of_gsp",
        "paper": "bp1-budget-statement",
        "table": "table_1_2_key_budget_aggregates_for_the_general_government_sector"
      },
      "unit": "percent",
      "time": "2026-07-01T00:00:00+00:00",
      "time_precision": "Year",
      "value": 13.9,
      "status": "Forecast",
      "attributes": {
        "artifact_date": "2026-03-20",
        "attribution": "Source: NSW Treasury",
        "budget_year": "2025-26",
        "extraction_backend": "fixture-pdfplumber",
        "extraction_backend_version": "2026.1",
        "jurisdiction": "NSW",
        "jurisdiction_name": "New South Wales",
        "license": "Creative Commons Attribution 3.0 Australia Licence",
        "license_url": "https://creativecommons.org/licenses/by/3.0/au/",
        "nsw_line_item": "Revenue / Per cent of GSP",
        "nsw_period_label": "2026-27",
        "paper": "Budget Paper No. 1",
        "paper_slug": "bp1-budget-statement",
        "parser_version": "parse_v1",
        "publication_title": "Budget Statement",
        "schema_hash": "8682d8d86a4591880d0f82cf85acc0eabb8608b2e04fd4dc0934eb8317f7c385",
        "source": "NSW Treasury",
        "source_url": "https://www.nsw.gov.au/sites/default/files/noindex/2026-03/bp1-budget-statement-nsw-budget-2025-26.pdf",
        "table_page": "32",
        "table_title": "Table 1.2: Key budget aggregates for the general government sector"
      },
      "source_artifact_id": "23c7a41992d61b5a06b8820efe7b680f8b0fc87b26c75500fbdfc9900dbaee42"
    }
  ]
}
