---
source: crates/adapters/nhsac/tests/discover.rs
expression: snapshot
---
[
  {
    "last_updated": "2025-05-21",
    "release_id": "housing-accord-progress-2025",
    "source_url": "https://nhsac.gov.au/publications/housing-accord-progress-2025.csv",
    "title": "Housing Accord progress 2025"
  },
  {
    "last_updated": "2026-03-25",
    "release_id": "housing-accord-progress-2026",
    "source_url": "https://nhsac.gov.au/publications/housing-accord-progress-2026.csv",
    "title": "Housing Accord progress 2026"
  }
]
