---
source: crates/adapters/abs/tests/parse.rs
expression: rows
---
[
  {
    "series_key": "d7438dfc52bdfa94b9b57e172c6904805bf3aef0703eaa3a55ce5dd49faa7af6",
    "dataflow_id": "abs.building_approvals",
    "measure_id": "dwellings_approved",
    "dimensions": {
      "measure": "dwellings_approved",
      "region": "AUS"
    },
    "time": "2026-03-01T00:00:00+00:00",
    "time_precision": "month",
    "value": 17307.0,
    "status": "normal",
    "attributes": {
      "abs_release_period": "April 2026",
      "abs_series": "seasonally_adjusted",
      "source_url": "https://www.abs.gov.au/statistics/industry/building-and-construction/building-approvals-australia/latest-release"
    }
  },
  {
    "series_key": "d7438dfc52bdfa94b9b57e172c6904805bf3aef0703eaa3a55ce5dd49faa7af6",
    "dataflow_id": "abs.building_approvals",
    "measure_id": "dwellings_approved",
    "dimensions": {
      "measure": "dwellings_approved",
      "region": "AUS"
    },
    "time": "2026-04-01T00:00:00+00:00",
    "time_precision": "month",
    "value": 16710.0,
    "status": "normal",
    "attributes": {
      "abs_release_period": "April 2026",
      "abs_series": "seasonally_adjusted",
      "source_url": "https://www.abs.gov.au/statistics/industry/building-and-construction/building-approvals-australia/latest-release"
    }
  }
]
